2024-11-19 14:53:48.438 MSK [10000] СООБЩЕНИЕ:  начата контрольная точка: time
2024-11-19 14:53:49.313 MSK [10000] СООБЩЕНИЕ:  контрольная точка завершена: записано буферов: 9 (0.1%); добавлено файлов WAL 0, удалено: 0, переработано: 0; запись=0.865 сек., синхр.=0.006 сек., всего=0.876 сек.; синхронизировано_файлов=9, самая_долгая_синхр.=0.001 сек., средняя=0.001 сек.; расстояние=7 kB, ожидалось=12 kB; lsn=0/208B948, lsn redo=0/208B910
2024-11-19 14:58:48.314 MSK [10000] СООБЩЕНИЕ:  начата контрольная точка: time
2024-11-19 14:58:48.644 MSK [10000] СООБЩЕНИЕ:  контрольная точка завершена: записано буферов: 4 (0.0%); добавлено файлов WAL 0, удалено: 0, переработано: 0; запись=0.323 сек., синхр.=0.003 сек., всего=0.331 сек.; синхронизировано_файлов=4, самая_долгая_синхр.=0.001 сек., средняя=0.001 сек.; расстояние=11 kB, ожидалось=12 kB; lsn=0/208E658, lsn redo=0/208E620
2024-11-19 15:13:48.671 MSK [10000] СООБЩЕНИЕ:  начата контрольная точка: time
2024-11-19 15:13:49.111 MSK [10000] СООБЩЕНИЕ:  контрольная точка завершена: записано буферов: 5 (0.0%); добавлено файлов WAL 0, удалено: 0, переработано: 0; запись=0.431 сек., синхр.=0.004 сек., всего=0.440 сек.; синхронизировано_файлов=5, самая_долгая_синхр.=0.001 сек., средняя=0.001 сек.; расстояние=17 kB, ожидалось=17 kB; lsn=0/2092C98, lsn redo=0/2092C60
2024-11-19 15:33:48.143 MSK [10000] СООБЩЕНИЕ:  начата контрольная точка: time
2024-11-19 15:33:48.912 MSK [10000] СООБЩЕНИЕ:  контрольная точка завершена: записано буферов: 8 (0.0%); добавлено файлов WAL 0, удалено: 0, переработано: 0; запись=0.759 сек., синхр.=0.006 сек., всего=0.770 сек.; синхронизировано_файлов=8, самая_долгая_синхр.=0.001 сек., средняя=0.001 сек.; расстояние=10 kB, ожидалось=16 kB; lsn=0/2095548, lsn redo=0/2095510
2024-11-19 17:03:49.070 MSK [10000] СООБЩЕНИЕ:  начата контрольная точка: time
2024-11-19 17:03:49.184 MSK [10000] СООБЩЕНИЕ:  контрольная точка завершена: записано буферов: 1 (0.0%); добавлено файлов WAL 0, удалено: 0, переработано: 0; запись=0.108 сек., синхр.=0.001 сек., всего=0.114 сек.; синхронизировано_файлов=1, самая_долгая_синхр.=0.001 сек., средняя=0.001 сек.; расстояние=5 kB, ожидалось=15 kB; lsn=0/2096BF8, lsn redo=0/2096BC0
2024-11-19 19:59:13.221 MSK [37068] РћРЁРР‘РљРђ:  РЅРµРІРµСЂРЅС‹Р№ СЃРёРЅС‚Р°РєСЃРёСЃ РґР»СЏ С‚РёРїР° integer: "РњРµРЅРµРґР¶РµСЂ РїРѕ РїСЂРѕРґР°Р¶Р°Рј B2B" (СЃРёРјРІРѕР» 499)
2024-11-19 19:59:13.221 MSK [37068] РћРџР•Р РђРўРћР :  SELECT vacancies.id AS vacancies_id, vacancies.id_hh AS vacancies_id_hh, vacancies.title AS vacancies_title, vacancies.description AS vacancies_description, vacancies.conditions AS vacancies_conditions, vacancies.requirements AS vacancies_requirements, vacancies.responsibilities AS vacancies_responsibilities, vacancies.interview_questions AS vacancies_interview_questions, vacancies.priority AS vacancies_priority, vacancies.test_task AS vacancies_test_task 
	FROM vacancies 
	WHERE vacancies.id = 'РњРµРЅРµРґР¶РµСЂ РїРѕ РїСЂРѕРґР°Р¶Р°Рј B2B'
2024-11-19 19:59:14.432 MSK [31320] РћРЁРР‘РљРђ:  РЅРµРІРµСЂРЅС‹Р№ СЃРёРЅС‚Р°РєСЃРёСЃ РґР»СЏ С‚РёРїР° integer: "РњРµРЅРµРґР¶РµСЂ РїРѕ РїСЂРѕРґР°Р¶Р°Рј B2B" (СЃРёРјРІРѕР» 499)
2024-11-19 19:59:14.432 MSK [31320] РћРџР•Р РђРўРћР :  SELECT vacancies.id AS vacancies_id, vacancies.id_hh AS vacancies_id_hh, vacancies.title AS vacancies_title, vacancies.description AS vacancies_description, vacancies.conditions AS vacancies_conditions, vacancies.requirements AS vacancies_requirements, vacancies.responsibilities AS vacancies_responsibilities, vacancies.interview_questions AS vacancies_interview_questions, vacancies.priority AS vacancies_priority, vacancies.test_task AS vacancies_test_task 
	FROM vacancies 
	WHERE vacancies.id = 'РњРµРЅРµРґР¶РµСЂ РїРѕ РїСЂРѕРґР°Р¶Р°Рј B2B'
2024-11-19 20:07:27.134 MSK [42380] РЎРћРћР‘Р©Р•РќРР•:  РЅРµ СѓРґР°Р»РѕСЃСЊ РїРѕР»СѓС‡РёС‚СЊ РґР°РЅРЅС‹Рµ РѕС‚ РєР»РёРµРЅС‚Р°: An existing connection was forcibly closed by the remote host.
	
2024-11-19 20:07:27.134 MSK [12232] РЎРћРћР‘Р©Р•РќРР•:  РЅРµ СѓРґР°Р»РѕСЃСЊ РїРѕР»СѓС‡РёС‚СЊ РґР°РЅРЅС‹Рµ РѕС‚ РєР»РёРµРЅС‚Р°: An existing connection was forcibly closed by the remote host.
	
2024-11-19 20:07:27.134 MSK [22596] РЎРћРћР‘Р©Р•РќРР•:  РЅРµ СѓРґР°Р»РѕСЃСЊ РїРѕР»СѓС‡РёС‚СЊ РґР°РЅРЅС‹Рµ РѕС‚ РєР»РёРµРЅС‚Р°: An existing connection was forcibly closed by the remote host.
	
2024-11-19 20:07:27.137 MSK [45144] РЎРћРћР‘Р©Р•РќРР•:  РЅРµ СѓРґР°Р»РѕСЃСЊ РїРѕР»СѓС‡РёС‚СЊ РґР°РЅРЅС‹Рµ РѕС‚ РєР»РёРµРЅС‚Р°: An existing connection was forcibly closed by the remote host.
	
2024-11-21 05:39:22.069 MSK [10000] СООБЩЕНИЕ:  начата контрольная точка: time
2024-11-21 05:39:22.833 MSK [10000] СООБЩЕНИЕ:  контрольная точка завершена: записано буферов: 8 (0.0%); добавлено файлов WAL 0, удалено: 0, переработано: 0; запись=0.754 сек., синхр.=0.005 сек., всего=0.764 сек.; синхронизировано_файлов=7, самая_долгая_синхр.=0.001 сек., средняя=0.001 сек.; расстояние=19 kB, ожидалось=19 kB; lsn=0/209B848, lsn redo=0/209B810
2024-11-21 05:49:22.855 MSK [10000] СООБЩЕНИЕ:  начата контрольная точка: time
2024-11-21 05:49:23.077 MSK [10000] СООБЩЕНИЕ:  контрольная точка завершена: записано буферов: 2 (0.0%); добавлено файлов WAL 0, удалено: 0, переработано: 0; запись=0.216 сек., синхр.=0.001 сек., всего=0.222 сек.; синхронизировано_файлов=1, самая_долгая_синхр.=0.001 сек., средняя=0.001 сек.; расстояние=4 kB, ожидалось=17 kB; lsn=0/209C978, lsn redo=0/209C940
2024-11-21 05:54:02.348 MSK [22568] РЎРћРћР‘Р©Р•РќРР•:  РЅРµ СѓРґР°Р»РѕСЃСЊ РїРѕР»СѓС‡РёС‚СЊ РґР°РЅРЅС‹Рµ РѕС‚ РєР»РёРµРЅС‚Р°: An existing connection was forcibly closed by the remote host.
	
2024-11-21 05:54:02.348 MSK [48236] РЎРћРћР‘Р©Р•РќРР•:  РЅРµ СѓРґР°Р»РѕСЃСЊ РїРѕР»СѓС‡РёС‚СЊ РґР°РЅРЅС‹Рµ РѕС‚ РєР»РёРµРЅС‚Р°: An existing connection was forcibly closed by the remote host.
	
2024-11-21 05:54:02.348 MSK [22568] РЎРћРћР‘Р©Р•РќРР•:  РЅРµРѕР¶РёРґР°РЅРЅС‹Р№ РѕР±СЂС‹РІ СЃРѕРµРґРёРЅРµРЅРёСЏ СЃ РєР»РёРµРЅС‚РѕРј РїСЂРё РѕС‚РєСЂС‹С‚РѕР№ С‚СЂР°РЅР·Р°РєС†РёРё
