2024-11-03 20:21:21.349 MSK [5192] РћРЁРР‘РљРђ:  СЃС‚РѕР»Р±РµС† vacancies.test_task РЅРµ СЃСѓС‰РµСЃС‚РІСѓРµС‚ (СЃРёРјРІРѕР» 382)
2024-11-03 20:21:21.349 MSK [5192] РћРџР•Р РђРўРћР :  SELECT vacancies.id AS vacancies_id, vacancies.title AS vacancies_title, vacancies.description AS vacancies_description, vacancies.conditions AS vacancies_conditions, vacancies.requirements AS vacancies_requirements, vacancies.responsibilities AS vacancies_responsibilities, vacancies.interview_questions AS vacancies_interview_questions, vacancies.priority AS vacancies_priority, vacancies.test_task AS vacancies_test_task 
	FROM vacancies 
	WHERE vacancies.title = 'РїРѕРІР°СЂ' 
	 LIMIT 1
2024-11-03 20:22:23.527 MSK [2604] ВАЖНО:  пользователь "postgres" не прошёл проверку подлинности (по паролю)
2024-11-03 20:22:23.527 MSK [2604] ПОДРОБНОСТИ:  Подключение соответствует строке 117 в "C:/Program Files/PostgreSQL/16/data/pg_hba.conf": "host    all             all             ::1/128                 scram-sha-256"
2024-11-03 20:22:23.561 MSK [30044] ВАЖНО:  пользователь "postgres" не прошёл проверку подлинности (по паролю)
2024-11-03 20:22:23.561 MSK [30044] ПОДРОБНОСТИ:  Подключение соответствует строке 117 в "C:/Program Files/PostgreSQL/16/data/pg_hba.conf": "host    all             all             ::1/128                 scram-sha-256"
2024-11-03 21:15:37.317 MSK [12848] РЎРћРћР‘Р©Р•РќРР•:  РЅРµ СѓРґР°Р»РѕСЃСЊ РїРѕР»СѓС‡РёС‚СЊ РґР°РЅРЅС‹Рµ РѕС‚ РєР»РёРµРЅС‚Р°: An existing connection was forcibly closed by the remote host.
	
2024-11-03 21:15:37.317 MSK [21800] РЎРћРћР‘Р©Р•РќРР•:  РЅРµ СѓРґР°Р»РѕСЃСЊ РїРѕР»СѓС‡РёС‚СЊ РґР°РЅРЅС‹Рµ РѕС‚ РєР»РёРµРЅС‚Р°: An existing connection was forcibly closed by the remote host.
	
2024-11-03 21:15:37.317 MSK [2280] РЎРћРћР‘Р©Р•РќРР•:  РЅРµ СѓРґР°Р»РѕСЃСЊ РїРѕР»СѓС‡РёС‚СЊ РґР°РЅРЅС‹Рµ РѕС‚ РєР»РёРµРЅС‚Р°: An existing connection was forcibly closed by the remote host.
	
2024-11-03 21:15:37.317 MSK [30604] РЎРћРћР‘Р©Р•РќРР•:  РЅРµ СѓРґР°Р»РѕСЃСЊ РїРѕР»СѓС‡РёС‚СЊ РґР°РЅРЅС‹Рµ РѕС‚ РєР»РёРµРЅС‚Р°: An existing connection was forcibly closed by the remote host.
	
2024-11-03 21:15:37.317 MSK [23620] РЎРћРћР‘Р©Р•РќРР•:  РЅРµ СѓРґР°Р»РѕСЃСЊ РїРѕР»СѓС‡РёС‚СЊ РґР°РЅРЅС‹Рµ РѕС‚ РєР»РёРµРЅС‚Р°: An existing connection was forcibly closed by the remote host.
	
2024-11-03 21:15:37.344 MSK [5208] СООБЩЕНИЕ:  не удалось получить данные от клиента: An existing connection was forcibly closed by the remote host.
	
2024-11-03 21:20:07.414 MSK [10300] СООБЩЕНИЕ:  начата контрольная точка: time
2024-11-03 21:20:10.912 MSK [10300] СООБЩЕНИЕ:  контрольная точка завершена: записано буферов: 33 (0.2%); добавлено файлов WAL 0, удалено: 0, переработано: 0; запись=3.476 сек., синхр.=0.017 сек., всего=3.499 сек.; синхронизировано_файлов=30, самая_долгая_синхр.=0.001 сек., средняя=0.001 сек.; расстояние=149 kB, ожидалось=149 kB; lsn=0/1FC9980, lsn redo=0/1FC9948
2024-11-03 21:36:25.690 MSK [12616] РћРЁРР‘РљРђ:  СѓРґР°Р»РёС‚СЊ РѕР±СЉРµРєС‚ С‚Р°Р±Р»РёС†Р° vacancies РЅРµР»СЊР·СЏ, С‚Р°Рє РєР°Рє РѕС‚ РЅРµРіРѕ Р·Р°РІРёСЃСЏС‚ РґСЂСѓРіРёРµ РѕР±СЉРµРєС‚С‹
2024-11-03 21:36:25.690 MSK [12616] РџРћР”Р РћР‘РќРћРЎРўР:  РѕРіСЂР°РЅРёС‡РµРЅРёРµ candidates_vacancy_id_fkey РІ РѕС‚РЅРѕС€РµРЅРёРё С‚Р°Р±Р»РёС†Р° candidates Р·Р°РІРёСЃРёС‚ РѕС‚ РѕР±СЉРµРєС‚Р° С‚Р°Р±Р»РёС†Р° vacancies
	РѕРіСЂР°РЅРёС‡РµРЅРёРµ candidate_portrait_vacancy_id_fkey РІ РѕС‚РЅРѕС€РµРЅРёРё С‚Р°Р±Р»РёС†Р° candidate_portrait Р·Р°РІРёСЃРёС‚ РѕС‚ РѕР±СЉРµРєС‚Р° С‚Р°Р±Р»РёС†Р° vacancies
2024-11-03 21:36:25.690 MSK [12616] РџРћР”РЎРљРђР—РљРђ:  Р”Р»СЏ СѓРґР°Р»РµРЅРёСЏ Р·Р°РІРёСЃРёРјС‹С… РѕР±СЉРµРєС‚РѕРІ РёСЃРїРѕР»СЊР·СѓР№С‚Рµ DROP ... CASCADE.
2024-11-03 21:36:25.690 MSK [12616] РћРџР•Р РђРўРћР :  
	DROP TABLE vacancies
2024-11-03 21:40:07.947 MSK [10300] СООБЩЕНИЕ:  начата контрольная точка: time
2024-11-03 21:40:08.828 MSK [10300] СООБЩЕНИЕ:  контрольная точка завершена: записано буферов: 9 (0.1%); добавлено файлов WAL 0, удалено: 0, переработано: 0; запись=0.871 сек., синхр.=0.005 сек., всего=0.881 сек.; синхронизировано_файлов=7, самая_долгая_синхр.=0.001 сек., средняя=0.001 сек.; расстояние=0 kB, ожидалось=135 kB; lsn=0/1FC9BB8, lsn redo=0/1FC9B80
2024-11-03 21:42:04.454 MSK [21060] РћРЁРР‘РљРђ:  СѓРґР°Р»РёС‚СЊ РѕР±СЉРµРєС‚ С‚Р°Р±Р»РёС†Р° vacancies РЅРµР»СЊР·СЏ, С‚Р°Рє РєР°Рє РѕС‚ РЅРµРіРѕ Р·Р°РІРёСЃСЏС‚ РґСЂСѓРіРёРµ РѕР±СЉРµРєС‚С‹
2024-11-03 21:42:04.454 MSK [21060] РџРћР”Р РћР‘РќРћРЎРўР:  РѕРіСЂР°РЅРёС‡РµРЅРёРµ candidates_vacancy_id_fkey РІ РѕС‚РЅРѕС€РµРЅРёРё С‚Р°Р±Р»РёС†Р° candidates Р·Р°РІРёСЃРёС‚ РѕС‚ РѕР±СЉРµРєС‚Р° С‚Р°Р±Р»РёС†Р° vacancies
	РѕРіСЂР°РЅРёС‡РµРЅРёРµ candidate_portrait_vacancy_id_fkey РІ РѕС‚РЅРѕС€РµРЅРёРё С‚Р°Р±Р»РёС†Р° candidate_portrait Р·Р°РІРёСЃРёС‚ РѕС‚ РѕР±СЉРµРєС‚Р° С‚Р°Р±Р»РёС†Р° vacancies
2024-11-03 21:42:04.454 MSK [21060] РџРћР”РЎРљРђР—РљРђ:  Р”Р»СЏ СѓРґР°Р»РµРЅРёСЏ Р·Р°РІРёСЃРёРјС‹С… РѕР±СЉРµРєС‚РѕРІ РёСЃРїРѕР»СЊР·СѓР№С‚Рµ DROP ... CASCADE.
2024-11-03 21:42:04.454 MSK [21060] РћРџР•Р РђРўРћР :  
	DROP TABLE vacancies
2024-11-03 21:43:44.855 MSK [29864] РћРЁРР‘РљРђ:  СѓРґР°Р»РёС‚СЊ РѕР±СЉРµРєС‚ С‚Р°Р±Р»РёС†Р° vacancies РЅРµР»СЊР·СЏ, С‚Р°Рє РєР°Рє РѕС‚ РЅРµРіРѕ Р·Р°РІРёСЃСЏС‚ РґСЂСѓРіРёРµ РѕР±СЉРµРєС‚С‹
2024-11-03 21:43:44.855 MSK [29864] РџРћР”Р РћР‘РќРћРЎРўР:  РѕРіСЂР°РЅРёС‡РµРЅРёРµ candidates_vacancy_id_fkey РІ РѕС‚РЅРѕС€РµРЅРёРё С‚Р°Р±Р»РёС†Р° candidates Р·Р°РІРёСЃРёС‚ РѕС‚ РѕР±СЉРµРєС‚Р° С‚Р°Р±Р»РёС†Р° vacancies
	РѕРіСЂР°РЅРёС‡РµРЅРёРµ candidate_portrait_vacancy_id_fkey РІ РѕС‚РЅРѕС€РµРЅРёРё С‚Р°Р±Р»РёС†Р° candidate_portrait Р·Р°РІРёСЃРёС‚ РѕС‚ РѕР±СЉРµРєС‚Р° С‚Р°Р±Р»РёС†Р° vacancies
2024-11-03 21:43:44.855 MSK [29864] РџРћР”РЎРљРђР—РљРђ:  Р”Р»СЏ СѓРґР°Р»РµРЅРёСЏ Р·Р°РІРёСЃРёРјС‹С… РѕР±СЉРµРєС‚РѕРІ РёСЃРїРѕР»СЊР·СѓР№С‚Рµ DROP ... CASCADE.
2024-11-03 21:43:44.855 MSK [29864] РћРџР•Р РђРўРћР :  
	DROP TABLE vacancies
2024-11-03 21:45:07.836 MSK [10300] СООБЩЕНИЕ:  начата контрольная точка: time
2024-11-03 21:45:07.842 MSK [10300] СООБЩЕНИЕ:  контрольная точка завершена: записано буферов: 1 (0.0%); добавлено файлов WAL 0, удалено: 0, переработано: 0; запись=0.001 сек., синхр.=0.001 сек., всего=0.007 сек.; синхронизировано_файлов=1, самая_долгая_синхр.=0.001 сек., средняя=0.001 сек.; расстояние=0 kB, ожидалось=121 kB; lsn=0/1FC9F40, lsn redo=0/1FC9F08
2024-11-03 21:50:07.854 MSK [10300] СООБЩЕНИЕ:  начата контрольная точка: time
2024-11-03 21:50:08.187 MSK [10300] СООБЩЕНИЕ:  контрольная точка завершена: записано буферов: 4 (0.0%); добавлено файлов WAL 0, удалено: 0, переработано: 0; запись=0.325 сек., синхр.=0.003 сек., всего=0.333 сек.; синхронизировано_файлов=3, самая_долгая_синхр.=0.001 сек., средняя=0.001 сек.; расстояние=0 kB, ожидалось=109 kB; lsn=0/1FCA288, lsn redo=0/1FCA250
2024-11-03 22:00:07.203 MSK [10300] СООБЩЕНИЕ:  начата контрольная точка: time
2024-11-03 22:00:07.868 MSK [10300] СООБЩЕНИЕ:  контрольная точка завершена: записано буферов: 7 (0.0%); добавлено файлов WAL 0, удалено: 0, переработано: 0; запись=0.656 сек., синхр.=0.005 сек., всего=0.666 сек.; синхронизировано_файлов=7, самая_долгая_синхр.=0.001 сек., средняя=0.001 сек.; расстояние=27 kB, ожидалось=101 kB; lsn=0/1FD1110, lsn redo=0/1FD10D8
2024-11-03 22:05:07.871 MSK [10300] СООБЩЕНИЕ:  начата контрольная точка: time
2024-11-03 22:05:08.093 MSK [10300] СООБЩЕНИЕ:  контрольная точка завершена: записано буферов: 3 (0.0%); добавлено файлов WAL 0, удалено: 0, переработано: 0; запись=0.214 сек., синхр.=0.003 сек., всего=0.222 сек.; синхронизировано_файлов=3, самая_долгая_синхр.=0.001 сек., средняя=0.001 сек.; расстояние=1 kB, ожидалось=91 kB; lsn=0/1FD1670, lsn redo=0/1FD1638
2024-11-03 22:05:43.170 MSK [5344] РЎРћРћР‘Р©Р•РќРР•:  РЅРµ СѓРґР°Р»РѕСЃСЊ РїРѕР»СѓС‡РёС‚СЊ РґР°РЅРЅС‹Рµ РѕС‚ РєР»РёРµРЅС‚Р°: An existing connection was forcibly closed by the remote host.
	
2024-11-03 22:05:43.170 MSK [5092] РЎРћРћР‘Р©Р•РќРР•:  РЅРµ СѓРґР°Р»РѕСЃСЊ РїРѕР»СѓС‡РёС‚СЊ РґР°РЅРЅС‹Рµ РѕС‚ РєР»РёРµРЅС‚Р°: An existing connection was forcibly closed by the remote host.
	
2024-11-03 22:05:43.170 MSK [2852] РЎРћРћР‘Р©Р•РќРР•:  РЅРµ СѓРґР°Р»РѕСЃСЊ РїРѕР»СѓС‡РёС‚СЊ РґР°РЅРЅС‹Рµ РѕС‚ РєР»РёРµРЅС‚Р°: An existing connection was forcibly closed by the remote host.
	
2024-11-03 22:05:43.170 MSK [28520] РЎРћРћР‘Р©Р•РќРР•:  РЅРµ СѓРґР°Р»РѕСЃСЊ РїРѕР»СѓС‡РёС‚СЊ РґР°РЅРЅС‹Рµ РѕС‚ РєР»РёРµРЅС‚Р°: An existing connection was forcibly closed by the remote host.
	
2024-11-03 22:05:43.170 MSK [18556] РЎРћРћР‘Р©Р•РќРР•:  РЅРµ СѓРґР°Р»РѕСЃСЊ РїРѕР»СѓС‡РёС‚СЊ РґР°РЅРЅС‹Рµ РѕС‚ РєР»РёРµРЅС‚Р°: An existing connection was forcibly closed by the remote host.
	
2024-11-03 22:05:43.173 MSK [15244] РЎРћРћР‘Р©Р•РќРР•:  РЅРµ СѓРґР°Р»РѕСЃСЊ РїРѕР»СѓС‡РёС‚СЊ РґР°РЅРЅС‹Рµ РѕС‚ РєР»РёРµРЅС‚Р°: An existing connection was forcibly closed by the remote host.
	
2024-11-06 10:24:02.872 MSK [3796] ВАЖНО:  пользователь "postgres" не прошёл проверку подлинности (по паролю)
2024-11-06 10:24:02.872 MSK [3796] ПОДРОБНОСТИ:  Подключение соответствует строке 117 в "C:/Program Files/PostgreSQL/16/data/pg_hba.conf": "host    all             all             ::1/128                 scram-sha-256"
2024-11-06 10:24:02.908 MSK [30860] ВАЖНО:  пользователь "postgres" не прошёл проверку подлинности (по паролю)
2024-11-06 10:24:02.908 MSK [30860] ПОДРОБНОСТИ:  Подключение соответствует строке 117 в "C:/Program Files/PostgreSQL/16/data/pg_hba.conf": "host    all             all             ::1/128                 scram-sha-256"
