2024-12-08 21:29:17.159 MSK [4408] СООБЩЕНИЕ:  система БД была выключена: 2024-12-08 21:28:35 MSK
2024-12-08 21:34:17.162 MSK [4340] СООБЩЕНИЕ:  начата контрольная точка: time
2024-12-08 21:34:17.170 MSK [4340] СООБЩЕНИЕ:  контрольная точка завершена: записано буферов: 3 (0.0%); добавлено файлов WAL 0, удалено: 0, переработано: 0; запись=0.002 сек., синхр.=0.002 сек., всего=0.010 сек.; синхронизировано_файлов=2, самая_долгая_синхр.=0.001 сек., средняя=0.001 сек.; расстояние=0 kB, ожидалось=0 kB; lsn=0/2131BD8, lsn redo=0/2131BA0
2024-12-08 21:45:48.071 MSK [4064] ВАЖНО:  пользователь "postgres" не прошёл проверку подлинности (по паролю)
2024-12-08 21:45:48.071 MSK [4064] ПОДРОБНОСТИ:  Подключение соответствует строке 117 в "C:/Program Files/PostgreSQL/16/data/pg_hba.conf": "host    all             all             ::1/128                 scram-sha-256"
2024-12-08 21:45:48.104 MSK [10868] ВАЖНО:  пользователь "postgres" не прошёл проверку подлинности (по паролю)
2024-12-08 21:45:48.104 MSK [10868] ПОДРОБНОСТИ:  Подключение соответствует строке 117 в "C:/Program Files/PostgreSQL/16/data/pg_hba.conf": "host    all             all             ::1/128                 scram-sha-256"
2024-12-08 21:49:17.197 MSK [4340] СООБЩЕНИЕ:  начата контрольная точка: time
2024-12-08 21:49:20.404 MSK [4340] СООБЩЕНИЕ:  контрольная точка завершена: записано буферов: 30 (0.2%); добавлено файлов WAL 0, удалено: 0, переработано: 0; запись=3.187 сек., синхр.=0.016 сек., всего=3.208 сек.; синхронизировано_файлов=27, самая_долгая_синхр.=0.001 сек., средняя=0.001 сек.; расстояние=136 kB, ожидалось=136 kB; lsn=0/2153E18, lsn redo=0/2153DE0
2024-12-08 21:49:44.352 MSK [2760] РћРЁРР‘РљРђ:  UPDATE РёР»Рё DELETE РІ С‚Р°Р±Р»РёС†Рµ "vacancies" РЅР°СЂСѓС€Р°РµС‚ РѕРіСЂР°РЅРёС‡РµРЅРёРµ РІРЅРµС€РЅРµРіРѕ РєР»СЋС‡Р° "candidate_portrait_vacancy_id_fkey" С‚Р°Р±Р»РёС†С‹ "candidate_portrait"
2024-12-08 21:49:44.352 MSK [2760] РџРћР”Р РћР‘РќРћРЎРўР:  РќР° РєР»СЋС‡ (id)=(1) РІСЃС‘ РµС‰С‘ РµСЃС‚СЊ СЃСЃС‹Р»РєРё РІ С‚Р°Р±Р»РёС†Рµ "candidate_portrait".
2024-12-08 21:49:44.352 MSK [2760] РћРџР•Р РђРўРћР :  DELETE FROM public.vacancies
	    WHERE id IN
	        (1, 2, 4, 5, 7);
2024-12-08 21:50:17.787 MSK [2760] РћРЁРР‘РљРђ:  UPDATE РёР»Рё DELETE РІ С‚Р°Р±Р»РёС†Рµ "vacancies" РЅР°СЂСѓС€Р°РµС‚ РѕРіСЂР°РЅРёС‡РµРЅРёРµ РІРЅРµС€РЅРµРіРѕ РєР»СЋС‡Р° "candidate_portrait_vacancy_id_fkey" С‚Р°Р±Р»РёС†С‹ "candidate_portrait"
2024-12-08 21:50:17.787 MSK [2760] РџРћР”Р РћР‘РќРћРЎРўР:  РќР° РєР»СЋС‡ (id)=(1) РІСЃС‘ РµС‰С‘ РµСЃС‚СЊ СЃСЃС‹Р»РєРё РІ С‚Р°Р±Р»РёС†Рµ "candidate_portrait".
2024-12-08 21:50:17.787 MSK [2760] РћРџР•Р РђРўРћР :  DELETE FROM public.vacancies
	    WHERE id IN
	        (1, 2, 4, 5, 7);
2024-12-08 21:54:17.411 MSK [4340] СООБЩЕНИЕ:  начата контрольная точка: time
2024-12-08 21:54:18.630 MSK [4340] СООБЩЕНИЕ:  контрольная точка завершена: записано буферов: 12 (0.1%); добавлено файлов WAL 0, удалено: 0, переработано: 0; запись=1.208 сек., синхр.=0.006 сек., всего=1.219 сек.; синхронизировано_файлов=10, самая_долгая_синхр.=0.001 сек., средняя=0.001 сек.; расстояние=39 kB, ожидалось=126 kB; lsn=0/215DC20, lsn redo=0/215DBE8
2024-12-08 21:54:32.484 MSK [12916] РћРЁРР‘РљРђ:  INSERT РёР»Рё UPDATE РІ С‚Р°Р±Р»РёС†Рµ "candidates" РЅР°СЂСѓС€Р°РµС‚ РѕРіСЂР°РЅРёС‡РµРЅРёРµ РІРЅРµС€РЅРµРіРѕ РєР»СЋС‡Р° "candidates_vacancy_id_fkey"
2024-12-08 21:54:32.484 MSK [12916] РџРћР”Р РћР‘РќРћРЎРўР:  РљР»СЋС‡ (vacancy_id)=(112731061) РѕС‚СЃСѓС‚СЃС‚РІСѓРµС‚ РІ С‚Р°Р±Р»РёС†Рµ "vacancies".
2024-12-08 21:54:32.484 MSK [12916] РћРџР•Р РђРўРћР :  INSERT INTO public.candidates (
	id, fio, vacancy_id, title_of_vacancy) VALUES (
	$1::integer, $2::character varying, $3::integer, $4::character varying)
	 returning id;
2024-12-08 21:56:53.442 MSK [13132] РћРЁРР‘РљРђ:  РЅРµРІРµСЂРЅС‹Р№ СЃРёРЅС‚Р°РєСЃРёСЃ РґР»СЏ С‚РёРїР° integer: "menager_1" (СЃРёРјРІРѕР» 527)
2024-12-08 21:56:53.442 MSK [13132] РћРџР•Р РђРўРћР :  SELECT candidates.id AS candidates_id, candidates.fio AS candidates_fio, candidates.telegram_id AS candidates_telegram_id, candidates.phone_number AS candidates_phone_number, candidates.vacancy_id AS candidates_vacancy_id, candidates.first_interview_questions AS candidates_first_interview_questions, candidates.second_interview_questions AS candidates_second_interview_questions, candidates.test_task AS candidates_test_task, candidates.title_of_vacancy AS candidates_title_of_vacancy 
	FROM candidates 
	WHERE candidates.id = 'menager_1' 
	 LIMIT 1
2024-12-08 21:56:53.802 MSK [22324] РћРЁРР‘РљРђ:  РЅРµРІРµСЂРЅС‹Р№ СЃРёРЅС‚Р°РєСЃРёСЃ РґР»СЏ С‚РёРїР° integer: "menager_1" (СЃРёРјРІРѕР» 527)
2024-12-08 21:56:53.802 MSK [22324] РћРџР•Р РђРўРћР :  SELECT candidates.id AS candidates_id, candidates.fio AS candidates_fio, candidates.telegram_id AS candidates_telegram_id, candidates.phone_number AS candidates_phone_number, candidates.vacancy_id AS candidates_vacancy_id, candidates.first_interview_questions AS candidates_first_interview_questions, candidates.second_interview_questions AS candidates_second_interview_questions, candidates.test_task AS candidates_test_task, candidates.title_of_vacancy AS candidates_title_of_vacancy 
	FROM candidates 
	WHERE candidates.id = 'menager_1' 
	 LIMIT 1
2024-12-08 21:59:17.635 MSK [4340] СООБЩЕНИЕ:  начата контрольная точка: time
2024-12-08 21:59:18.186 MSK [4340] СООБЩЕНИЕ:  контрольная точка завершена: записано буферов: 6 (0.0%); добавлено файлов WAL 0, удалено: 0, переработано: 0; запись=0.543 сек., синхр.=0.004 сек., всего=0.552 сек.; синхронизировано_файлов=6, самая_долгая_синхр.=0.001 сек., средняя=0.001 сек.; расстояние=3 kB, ожидалось=114 kB; lsn=0/215E898, lsn redo=0/215E860
2024-12-08 22:04:17.199 MSK [4340] СООБЩЕНИЕ:  начата контрольная точка: time
2024-12-08 22:04:17.641 MSK [4340] СООБЩЕНИЕ:  контрольная точка завершена: записано буферов: 5 (0.0%); добавлено файлов WAL 0, удалено: 0, переработано: 0; запись=0.434 сек., синхр.=0.003 сек., всего=0.443 сек.; синхронизировано_файлов=5, самая_долгая_синхр.=0.001 сек., средняя=0.001 сек.; расстояние=1 kB, ожидалось=103 kB; lsn=0/215EE58, lsn redo=0/215EE20
2024-12-08 22:09:17.643 MSK [4340] СООБЩЕНИЕ:  начата контрольная точка: time
2024-12-08 22:09:18.087 MSK [4340] СООБЩЕНИЕ:  контрольная точка завершена: записано буферов: 5 (0.0%); добавлено файлов WAL 0, удалено: 0, переработано: 0; запись=0.437 сек., синхр.=0.004 сек., всего=0.445 сек.; синхронизировано_файлов=5, самая_долгая_синхр.=0.001 сек., средняя=0.001 сек.; расстояние=2 kB, ожидалось=93 kB; lsn=0/215FA10, lsn redo=0/215F9D8
