2024-12-09 00:37:17.605 MSK [12916] РЎРћРћР‘Р©Р•РќРР•:  РЅРµ СѓРґР°Р»РѕСЃСЊ РїРѕР»СѓС‡РёС‚СЊ РґР°РЅРЅС‹Рµ РѕС‚ РєР»РёРµРЅС‚Р°: An existing connection was forcibly closed by the remote host.
	
2024-12-09 00:37:17.605 MSK [19620] РЎРћРћР‘Р©Р•РќРР•:  РЅРµ СѓРґР°Р»РѕСЃСЊ РїРѕР»СѓС‡РёС‚СЊ РґР°РЅРЅС‹Рµ РѕС‚ РєР»РёРµРЅС‚Р°: An existing connection was forcibly closed by the remote host.
	
2024-12-09 00:37:17.606 MSK [23524] РЎРћРћР‘Р©Р•РќРР•:  РЅРµ СѓРґР°Р»РѕСЃСЊ РїРѕР»СѓС‡РёС‚СЊ РґР°РЅРЅС‹Рµ РѕС‚ РєР»РёРµРЅС‚Р°: An existing connection was forcibly closed by the remote host.
	
2024-12-09 00:37:17.607 MSK [16380] РЎРћРћР‘Р©Р•РќРР•:  РЅРµ СѓРґР°Р»РѕСЃСЊ РїРѕР»СѓС‡РёС‚СЊ РґР°РЅРЅС‹Рµ РѕС‚ РєР»РёРµРЅС‚Р°: An existing connection was forcibly closed by the remote host.
	
2024-12-09 00:37:17.607 MSK [23040] РЎРћРћР‘Р©Р•РќРР•:  РЅРµ СѓРґР°Р»РѕСЃСЊ РїРѕР»СѓС‡РёС‚СЊ РґР°РЅРЅС‹Рµ РѕС‚ РєР»РёРµРЅС‚Р°: An existing connection was forcibly closed by the remote host.
	
2024-12-09 00:37:17.609 MSK [1732] РЎРћРћР‘Р©Р•РќРР•:  РЅРµ СѓРґР°Р»РѕСЃСЊ РїРѕР»СѓС‡РёС‚СЊ РґР°РЅРЅС‹Рµ РѕС‚ РєР»РёРµРЅС‚Р°: An existing connection was forcibly closed by the remote host.
	
2024-12-09 08:27:17.796 MSK [15872] ВАЖНО:  пользователь "postgres" не прошёл проверку подлинности (по паролю)
2024-12-09 08:27:17.796 MSK [15872] ПОДРОБНОСТИ:  Подключение соответствует строке 117 в "C:/Program Files/PostgreSQL/16/data/pg_hba.conf": "host    all             all             ::1/128                 scram-sha-256"
2024-12-09 08:27:17.830 MSK [18656] ВАЖНО:  пользователь "postgres" не прошёл проверку подлинности (по паролю)
2024-12-09 08:27:17.830 MSK [18656] ПОДРОБНОСТИ:  Подключение соответствует строке 117 в "C:/Program Files/PostgreSQL/16/data/pg_hba.conf": "host    all             all             ::1/128                 scram-sha-256"
2024-12-09 08:55:06.967 MSK [4340] СООБЩЕНИЕ:  начата контрольная точка: time
2024-12-09 08:55:07.412 MSK [4340] СООБЩЕНИЕ:  контрольная точка завершена: записано буферов: 5 (0.0%); добавлено файлов WAL 0, удалено: 0, переработано: 0; запись=0.437 сек., синхр.=0.004 сек., всего=0.446 сек.; синхронизировано_файлов=5, самая_долгая_синхр.=0.001 сек., средняя=0.001 сек.; расстояние=3 kB, ожидалось=84 kB; lsn=0/2160838, lsn redo=0/2160800
2024-12-09 09:11:37.403 MSK [7860] РЎРћРћР‘Р©Р•РќРР•:  РЅРµ СѓРґР°Р»РѕСЃСЊ РїРѕР»СѓС‡РёС‚СЊ РґР°РЅРЅС‹Рµ РѕС‚ РєР»РёРµРЅС‚Р°: An existing connection was forcibly closed by the remote host.
	
2024-12-09 09:11:37.403 MSK [18748] РЎРћРћР‘Р©Р•РќРР•:  РЅРµ СѓРґР°Р»РѕСЃСЊ РїРѕР»СѓС‡РёС‚СЊ РґР°РЅРЅС‹Рµ РѕС‚ РєР»РёРµРЅС‚Р°: An existing connection was forcibly closed by the remote host.
	
2024-12-09 09:15:06.439 MSK [4340] СООБЩЕНИЕ:  начата контрольная точка: time
2024-12-09 09:15:06.879 MSK [4340] СООБЩЕНИЕ:  контрольная точка завершена: записано буферов: 5 (0.0%); добавлено файлов WAL 0, удалено: 0, переработано: 0; запись=0.433 сек., синхр.=0.004 сек., всего=0.441 сек.; синхронизировано_файлов=5, самая_долгая_синхр.=0.001 сек., средняя=0.001 сек.; расстояние=4 kB, ожидалось=76 kB; lsn=0/2161898, lsn redo=0/2161860
2024-12-09 09:20:06.891 MSK [4340] СООБЩЕНИЕ:  начата контрольная точка: time
2024-12-09 09:20:07.001 MSK [4340] СООБЩЕНИЕ:  контрольная точка завершена: записано буферов: 2 (0.0%); добавлено файлов WAL 0, удалено: 0, переработано: 0; запись=0.104 сек., синхр.=0.002 сек., всего=0.110 сек.; синхронизировано_файлов=2, самая_долгая_синхр.=0.001 сек., средняя=0.001 сек.; расстояние=5 kB, ожидалось=69 kB; lsn=0/2163068, lsn redo=0/2163030
2024-12-09 10:05:06.011 MSK [4340] СООБЩЕНИЕ:  начата контрольная точка: time
2024-12-09 10:05:06.119 MSK [4340] СООБЩЕНИЕ:  контрольная точка завершена: записано буферов: 2 (0.0%); добавлено файлов WAL 0, удалено: 0, переработано: 0; запись=0.101 сек., синхр.=0.002 сек., всего=0.108 сек.; синхронизировано_файлов=2, самая_долгая_синхр.=0.001 сек., средняя=0.001 сек.; расстояние=6 kB, ожидалось=62 kB; lsn=0/21648A0, lsn redo=0/2164868
2024-12-09 20:30:52.629 MSK [20024] РЎРћРћР‘Р©Р•РќРР•:  РЅРµ СѓРґР°Р»РѕСЃСЊ РїРѕР»СѓС‡РёС‚СЊ РґР°РЅРЅС‹Рµ РѕС‚ РєР»РёРµРЅС‚Р°: An existing connection was forcibly closed by the remote host.
	
2024-12-09 20:30:52.629 MSK [22900] РЎРћРћР‘Р©Р•РќРР•:  РЅРµ СѓРґР°Р»РѕСЃСЊ РїРѕР»СѓС‡РёС‚СЊ РґР°РЅРЅС‹Рµ РѕС‚ РєР»РёРµРЅС‚Р°: An existing connection was forcibly closed by the remote host.
	
2024-12-09 20:30:52.630 MSK [17300] РЎРћРћР‘Р©Р•РќРР•:  РЅРµ СѓРґР°Р»РѕСЃСЊ РїРѕР»СѓС‡РёС‚СЊ РґР°РЅРЅС‹Рµ РѕС‚ РєР»РёРµРЅС‚Р°: An existing connection was forcibly closed by the remote host.
	
2024-12-09 20:30:52.630 MSK [28248] РЎРћРћР‘Р©Р•РќРР•:  РЅРµ СѓРґР°Р»РѕСЃСЊ РїРѕР»СѓС‡РёС‚СЊ РґР°РЅРЅС‹Рµ РѕС‚ РєР»РёРµРЅС‚Р°: An existing connection was forcibly closed by the remote host.
	
2024-12-09 20:30:52.631 MSK [8000] РЎРћРћР‘Р©Р•РќРР•:  РЅРµ СѓРґР°Р»РѕСЃСЊ РїРѕР»СѓС‡РёС‚СЊ РґР°РЅРЅС‹Рµ РѕС‚ РєР»РёРµРЅС‚Р°: An existing connection was forcibly closed by the remote host.
	
2024-12-09 20:30:52.632 MSK [5356] РЎРћРћР‘Р©Р•РќРР•:  РЅРµ СѓРґР°Р»РѕСЃСЊ РїРѕР»СѓС‡РёС‚СЊ РґР°РЅРЅС‹Рµ РѕС‚ РєР»РёРµРЅС‚Р°: An existing connection was forcibly closed by the remote host.
	
2024-12-09 20:30:52.632 MSK [14196] РЎРћРћР‘Р©Р•РќРР•:  РЅРµ СѓРґР°Р»РѕСЃСЊ РїРѕР»СѓС‡РёС‚СЊ РґР°РЅРЅС‹Рµ РѕС‚ РєР»РёРµРЅС‚Р°: An existing connection was forcibly closed by the remote host.
	
2024-12-09 20:30:52.633 MSK [21388] РЎРћРћР‘Р©Р•РќРР•:  РЅРµ СѓРґР°Р»РѕСЃСЊ РїРѕР»СѓС‡РёС‚СЊ РґР°РЅРЅС‹Рµ РѕС‚ РєР»РёРµРЅС‚Р°: An existing connection was forcibly closed by the remote host.
	
2024-12-09 20:30:52.656 MSK [1036] СООБЩЕНИЕ:  не удалось получить данные от клиента: An existing connection was forcibly closed by the remote host.
	
2024-12-09 23:10:46.688 MSK [5036] ОШИБКА:  выполнение оператора отменено по запросу пользователя
2024-12-09 23:10:46.691 MSK [4340] СООБЩЕНИЕ:  выключение
2024-12-09 23:10:46.698 MSK [4340] СООБЩЕНИЕ:  начата контрольная точка: shutdown immediate
2024-12-09 23:10:46.703 MSK [4340] СООБЩЕНИЕ:  контрольная точка завершена: записано буферов: 0 (0.0%); добавлено файлов WAL 0, удалено: 0, переработано: 0; запись=0.001 сек., синхр.=0.001 сек., всего=0.012 сек.; синхронизировано_файлов=0, самая_долгая_синхр.=0.000 сек., средняя=0.000 сек.; расстояние=0 kB, ожидалось=56 kB; lsn=0/2164950, lsn redo=0/2164950
